WARNING: A restricted method in java.lang.System has been called
WARNING: java.lang.System::load has been called by net.rubygrapefruit.platform.internal.NativeLibraryLoader in an unnamed module (file:/Users/xzmx/.gradle/wrapper/dists/gradle-8.11.1-bin/bpt9gzteqjrbo1mjrsomdt32c/gradle-8.11.1/lib/native-platform-0.22-milestone-26.jar)
WARNING: Use --enable-native-access=ALL-UNNAMED to avoid a warning for callers in this module
WARNING: Restricted methods will be blocked in a future release unless native access is enabled

> Task :app:preBuild UP-TO-DATE
> Task :app:preDebugBuild UP-TO-DATE
> Task :app:mergeDebugNativeDebugMetadata NO-SOURCE
> Task :app:checkKotlinGradlePluginConfigurationErrors SKIPPED
> Task :app:checkDebugAarMetadata UP-TO-DATE
> Task :app:generateDebugResValues UP-TO-DATE
> Task :app:mapDebugSourceSetPaths UP-TO-DATE
> Task :app:generateDebugResources UP-TO-DATE
> Task :app:mergeDebugResources UP-TO-DATE
> Task :app:packageDebugResources UP-TO-DATE
> Task :app:parseDebugLocalResources UP-TO-DATE
> Task :app:createDebugCompatibleScreenManifests UP-TO-DATE
> Task :app:extractDeepLinksDebug UP-TO-DATE
> Task :app:processDebugMainManifest UP-TO-DATE
> Task :app:processDebugManifest UP-TO-DATE
> Task :app:processDebugManifestForPackage UP-TO-DATE
> Task :app:processDebugResources UP-TO-DATE
> Task :app:kaptGenerateStubsDebugKotlin UP-TO-DATE
> Task :app:kaptDebugKotlin UP-TO-DATE
> Task :app:javaPreCompileDebug UP-TO-DATE
> Task :app:mergeDebugShaders UP-TO-DATE
> Task :app:compileDebugShaders NO-SOURCE
> Task :app:generateDebugAssets UP-TO-DATE
> Task :app:mergeDebugAssets UP-TO-DATE
> Task :app:compressDebugAssets UP-TO-DATE
> Task :app:checkDebugDuplicateClasses UP-TO-DATE
> Task :app:desugarDebugFileDependencies UP-TO-DATE
> Task :app:mergeExtDexDebug UP-TO-DATE
> Task :app:mergeLibDexDebug UP-TO-DATE
> Task :app:mergeDebugJniLibFolders UP-TO-DATE
> Task :app:mergeDebugNativeLibs UP-TO-DATE
> Task :app:stripDebugDebugSymbols UP-TO-DATE
> Task :app:validateSigningDebug UP-TO-DATE
> Task :app:writeDebugAppMetadata UP-TO-DATE
> Task :app:writeDebugSigningConfigVersions UP-TO-DATE

> Task :app:compileDebugKotlin FAILED
e: file:///Users/xzmx/Downloads/my-project/xiaozhi-android/app/src/main/java/info/dourok/voicebot/ui/ChatViewModel.kt:102:32 Unresolved reference 'websocket_url'.
e: file:///Users/xzmx/Downloads/my-project/xiaozhi-android/app/src/main/java/info/dourok/voicebot/ui/ChatViewModel.kt:103:32 Unresolved reference 'access_token'.
e: file:///Users/xzmx/Downloads/my-project/xiaozhi-android/app/src/main/java/info/dourok/voicebot/ui/ChatViewModel.kt:108:50 Unresolved reference 'toMqttConfig'.
e: file:///Users/xzmx/Downloads/my-project/xiaozhi-android/app/src/main/java/info/dourok/voicebot/ui/ChatViewModel.kt:251:33 Unresolved reference 'write'.
e: file:///Users/xzmx/Downloads/my-project/xiaozhi-android/app/src/main/java/info/dourok/voicebot/ui/ChatViewModel.kt:407:17 'when' expression must be exhaustive. Add the 'is NeedsBinding', 'Unknown' branches or an 'else' branch.
e: file:///Users/xzmx/Downloads/my-project/xiaozhi-android/app/src/main/java/info/dourok/voicebot/ui/ChatViewModel.kt:408:37 Unresolved reference 'Idle'.
e: file:///Users/xzmx/Downloads/my-project/xiaozhi-android/app/src/main/java/info/dourok/voicebot/ui/ChatViewModel.kt:412:37 Unresolved reference 'Checking'.
e: file:///Users/xzmx/Downloads/my-project/xiaozhi-android/app/src/main/java/info/dourok/voicebot/ui/ChatViewModel.kt:417:37 Unresolved reference 'NotBound'.

FAILURE: Build failed with an exception.

* What went wrong:
Execution failed for task ':app:compileDebugKotlin'.
> A failure occurred while executing org.jetbrains.kotlin.compilerRunner.GradleCompilerRunnerWithWorkers$GradleKotlinCompilerWorkAction
   > Compilation error. See log for more details

* Try:
> Run with --stacktrace option to get the stack trace.
> Run with --info or --debug option to get more log output.
> Run with --scan to get full insights.
> Get more help at https://help.gradle.org.

BUILD FAILED in 1s
[Incubating] Problems report is available at: file:///Users/xzmx/Downloads/my-project/xiaozhi-android/build/reports/problems/problems-report.html

Deprecated Gradle features were used in this build, making it incompatible with Gradle 9.0.

You can use '--warning-mode all' to show the individual deprecation warnings and determine if they come from your own scripts or plugins.

For more on this, please refer to https://docs.gradle.org/8.11.1/userguide/command_line_interface.html#sec:command_line_warnings in the Gradle documentation.
30 actionable tasks: 1 executed, 29 up-to-date
